[2026-09-26 21:31:29] up to date
[2026-09-26 21:32:56] up to date
[2026-09-26 21:33:29] update detected: 366ad45412cf25a042b7e775773599c80c852ccd -> e637e939edfc96d86e1e4dabec3f841ba372a169
[2026-09-26 21:33:29] pull OK -> 366ad45412cf25a042b7e775773599c80c852ccd
[2026-09-26 21:33:29] server stopped for update
[2026-09-26 21:33:29] server restarted (PID 11212)
[2026-09-26 21:35:29] up to date
[2026-09-26 21:37:29] up to date
[2026-09-26 21:39:29] up to date
[2026-09-26 21:41:29] up to date
[2026-09-26 21:43:29] up to date
[2026-09-26 21:45:29] up to date
[2026-09-26 21:47:29] up to date
[2026-09-26 21:49:29] update detected: 366ad45412cf25a042b7e775773599c80c852ccd -> d87ee7c2a7b9fdc8e88d8d7f4fd4f98b4e27ec28
[2026-09-26 21:49:29] pull OK -> d87ee7c2a7b9fdc8e88d8d7f4fd4f98b4e27ec28
[2026-09-26 21:49:29] server stopped for update
[2026-09-26 21:49:29] server restarted (PID 9168)
[2026-09-26 21:51:29] up to date
[2026-09-26 21:53:29] up to date
[2026-09-26 21:55:29] up to date
[2026-09-26 21:56:10] up to date
[2026-09-26 21:57:29] up to date
[2026-09-26 21:59:29] up to date
[2026-09-26 22:01:29] up to date
[2026-09-26 22:03:29] up to date
[2026-09-26 22:05:29] up to date
[2026-09-26 22:07:29] up to date
[2026-09-26 22:09:29] up to date
[2026-09-26 22:11:29] update detected: d87ee7c2a7b9fdc8e88d8d7f4fd4f98b4e27ec28 -> 785236e6fec3bc363a653f10898285d2ab5a51ed
[2026-09-26 22:11:29] pull OK -> 785236e6fec3bc363a653f10898285d2ab5a51ed
[2026-09-26 22:11:29] server stopped for update
[2026-09-26 22:11:29] server restarted (PID 15124)
[2026-09-26 22:13:29] up to date
[2026-09-26 22:15:29] up to date
[2026-09-26 22:17:29] up to date
[2026-09-26 22:19:29] update detected: 785236e6fec3bc363a653f10898285d2ab5a51ed -> 562b07baf329801aa6830ffa0cc19484b8712117
[2026-09-26 22:19:29] pull OK -> 562b07baf329801aa6830ffa0cc19484b8712117
[2026-09-26 22:19:29] server stopped for update
[2026-09-26 22:19:29] server restarted (PID 6576)
[2026-09-26 22:21:29] up to date
[2026-09-26 22:23:29] up to date
[2026-09-26 22:25:29] up to date
[2026-09-26 22:27:29] up to date
[2026-09-26 22:29:29] up to date
[2026-09-26 22:31:29] up to date
[2026-09-26 22:33:29] up to date
[2026-09-26 22:35:29] up to date
[2026-09-26 22:37:29] up to date
[2026-09-26 22:39:29] up to date
[2026-09-26 22:41:29] up to date
[2026-09-26 22:43:30] up to date
[2026-09-26 22:45:30] up to date
[2026-09-26 22:47:30] up to date
[2026-09-26 22:49:30] up to date
[2026-09-26 22:51:30] up to date
[2026-09-26 22:53:29] up to date
[2026-09-26 22:55:30] up to date
[2026-09-26 22:57:30] up to date
[2026-09-26 22:59:30] up to date
[2026-09-26 23:01:29] up to date
[2026-09-26 23:03:30] up to date
[2026-09-26 23:05:29] up to date
[2026-09-26 23:07:29] up to date
[2026-09-26 23:09:29] up to date
[2026-09-26 23:11:29] update detected: 562b07baf329801aa6830ffa0cc19484b8712117 -> 1af85ed7ceb6048d35f44621b12b5fa2da4bc34b
[2026-09-26 23:11:29] pull OK -> 1af85ed7ceb6048d35f44621b12b5fa2da4bc34b
[2026-09-26 23:11:29] server stopped for update
[2026-09-26 23:11:29] server restarted (PID 15680)
[2026-09-26 23:13:29] up to date
[2026-09-26 23:15:29] up to date
[2026-09-26 23:17:29] up to date
[2026-09-26 23:19:29] up to date
[2026-09-26 23:21:29] up to date
[2026-09-26 23:23:29] up to date
[2026-09-26 23:25:29] up to date
[2026-09-26 23:27:29] up to date
[2026-09-26 23:29:29] up to date
[2026-09-26 23:31:29] up to date
[2026-09-26 23:33:29] up to date
[2026-09-26 23:35:29] up to date
[2026-09-26 23:37:29] up to date
[2026-09-26 23:39:29] up to date
[2026-09-26 23:41:29] up to date
[2026-09-26 23:43:29] up to date
[2026-09-26 23:45:29] up to date
[2026-09-26 23:47:29] up to date
[2026-09-26 23:49:29] up to date
[2026-09-26 23:51:29] up to date
[2026-09-26 23:53:30] up to date
[2026-09-26 23:55:30] up to date
[2026-09-26 23:57:30] up to date
[2026-09-26 23:59:30] up to date
[2026-09-27 00:01:30] up to date
[2026-09-27 00:03:30] up to date
[2026-09-27 00:05:30] up to date
[2026-09-27 00:07:30] up to date
[2026-09-27 00:09:30] up to date
[2026-09-27 00:11:30] up to date
[2026-09-27 00:13:30] up to date
[2026-09-27 00:15:30] up to date
[2026-09-27 00:17:30] up to date
[2026-09-27 00:19:30] up to date
[2026-09-27 00:21:30] up to date
[2026-09-27 00:23:30] up to date
[2026-09-27 00:25:30] up to date
[2026-09-27 00:27:30] up to date
[2026-09-27 00:29:30] up to date
[2026-09-27 00:31:30] up to date
[2026-09-27 00:33:30] up to date
[2026-09-27 00:35:30] up to date
[2026-09-27 00:37:30] up to date
[2026-09-27 00:39:30] up to date
[2026-09-27 00:41:30] up to date
[2026-09-27 00:43:30] up to date
[2026-09-27 00:45:30] up to date
[2026-09-27 00:47:30] up to date
[2026-09-27 00:49:30] up to date
[2026-09-27 00:51:30] up to date
[2026-09-27 00:53:30] up to date
[2026-09-27 00:55:30] up to date
[2026-09-27 00:57:30] update detected: 1af85ed7ceb6048d35f44621b12b5fa2da4bc34b -> 7d85bbd0cd2f4387392919befdabfd2542943260
[2026-09-27 00:57:30] pull OK -> 7d85bbd0cd2f4387392919befdabfd2542943260
[2026-09-27 00:57:30] server stopped for update
[2026-09-27 00:57:30] server restarted (PID 2004)
[2026-09-27 00:59:30] up to date
[2026-09-27 01:01:30] up to date
[2026-09-27 01:03:30] up to date
[2026-09-27 01:05:30] up to date
[2026-09-27 01:07:30] up to date
[2026-09-27 01:09:30] up to date
[2026-09-27 01:11:30] up to date
[2026-09-27 01:13:30] up to date
[2026-09-27 01:15:30] up to date
[2026-09-27 01:17:30] up to date
[2026-09-27 01:19:29] up to date
[2026-09-27 01:21:29] up to date
[2026-09-27 01:23:29] up to date
[2026-09-27 01:25:29] up to date
[2026-09-27 01:27:29] up to date
[2026-09-27 01:29:29] up to date
[2026-09-27 01:31:29] up to date
[2026-09-27 01:33:29] up to date
[2026-09-27 01:35:29] up to date
[2026-09-27 01:37:29] up to date
[2026-09-27 01:39:29] up to date
[2026-09-27 01:41:29] update detected: 7d85bbd0cd2f4387392919befdabfd2542943260 -> dbf08c0995d6f25e619ee600af64936fca8968aa
[2026-09-27 01:41:29] pull OK -> dbf08c0995d6f25e619ee600af64936fca8968aa
[2026-09-27 01:41:29] server stopped for update
[2026-09-27 01:41:29] server restarted (PID 6492)
[2026-09-27 01:43:29] up to date
[2026-09-27 01:45:29] up to date
[2026-09-27 01:47:29] up to date
[2026-09-27 01:49:29] up to date
[2026-09-27 01:51:29] up to date
[2026-09-27 01:53:29] up to date
[2026-09-27 01:55:29] up to date
[2026-09-27 01:57:29] up to date
[2026-09-27 01:59:29] up to date
[2026-09-27 02:01:29] up to date
[2026-09-27 02:03:29] up to date
[2026-09-27 02:05:29] up to date
[2026-09-27 02:07:29] up to date
[2026-09-27 02:09:29] up to date
[2026-09-27 02:11:29] up to date
[2026-09-27 02:13:29] up to date
[2026-09-27 02:15:30] fetch failed
[2026-09-27 02:17:29] fetch failed
[2026-09-27 02:19:29] update detected: dbf08c0995d6f25e619ee600af64936fca8968aa -> e4c77a01f608004b478dae91348cca89243bfddf
[2026-09-27 02:19:29] pull OK -> e4c77a01f608004b478dae91348cca89243bfddf
[2026-09-27 02:19:29] server stopped for update
[2026-09-27 02:19:29] server restarted (PID 7456)
[2026-09-27 02:21:29] up to date
[2026-09-27 02:23:29] up to date
[2026-09-27 02:25:29] up to date
[2026-09-27 02:27:29] up to date
[2026-09-27 02:29:29] up to date
[2026-09-27 02:31:29] up to date
[2026-09-27 02:33:29] up to date
[2026-09-27 02:35:29] up to date
[2026-09-27 02:37:29] up to date
[2026-09-27 02:39:29] up to date
[2026-09-27 02:41:29] up to date
[2026-09-27 02:43:29] up to date
[2026-09-27 02:45:29] up to date
[2026-09-27 02:47:29] up to date
[2026-09-27 02:49:29] update detected: e4c77a01f608004b478dae91348cca89243bfddf -> 9fb0422361f4a859adf0ac6ed31b7162e9cd1ab9
[2026-09-27 02:49:29] pull OK -> 9fb0422361f4a859adf0ac6ed31b7162e9cd1ab9
[2026-09-27 02:49:29] server stopped for update
[2026-09-27 02:49:29] server restarted (PID 10376)
[2026-09-27 02:51:29] up to date
[2026-09-27 02:53:29] up to date
[2026-09-27 02:55:29] up to date
[2026-09-28 17:27:32] pull FAILED even after reset; aborting merge
[2026-09-28 17:33:35] update detected: e2095f00246ed867a3ac3c4f55a6bd47d8139a00 -> 43d7e2ddf82914a72a37adca985b31af573d6d6c
[2026-09-28 17:33:35] pull OK -> e2095f00246ed867a3ac3c4f55a6bd47d8139a00
[2026-09-28 17:33:35] server stopped for update
[2026-09-28 17:33:35] server restarted (PID 3356)
[2026-09-28 17:35:31] update detected: e2095f00246ed867a3ac3c4f55a6bd47d8139a00 -> 43d7e2ddf82914a72a37adca985b31af573d6d6c
[2026-09-28 17:35:31] pull OK -> e2095f00246ed867a3ac3c4f55a6bd47d8139a00
[2026-09-28 17:35:31] server stopped for update
[2026-09-28 17:35:31] server restarted (PID 17432)
[2026-09-28 17:37:30] update detected: e2095f00246ed867a3ac3c4f55a6bd47d8139a00 -> 43d7e2ddf82914a72a37adca985b31af573d6d6c
[2026-09-28 17:37:30] pull OK -> e2095f00246ed867a3ac3c4f55a6bd47d8139a00
[2026-09-28 17:37:30] server stopped for update
[2026-09-28 17:37:30] server restarted (PID 3424)
[2026-09-28 17:39:30] update detected: e2095f00246ed867a3ac3c4f55a6bd47d8139a00 -> 43d7e2ddf82914a72a37adca985b31af573d6d6c
[2026-09-28 17:39:30] pull OK -> e2095f00246ed867a3ac3c4f55a6bd47d8139a00
[2026-09-28 17:39:30] server stopped for update
[2026-09-28 17:39:30] server restarted (PID 18300)
[2026-09-28 17:41:30] update detected: e2095f00246ed867a3ac3c4f55a6bd47d8139a00 -> 43d7e2ddf82914a72a37adca985b31af573d6d6c
[2026-09-28 17:41:30] pull OK -> e2095f00246ed867a3ac3c4f55a6bd47d8139a00
[2026-09-28 17:41:30] server stopped for update
[2026-09-28 17:41:30] server restarted (PID 17744)
